\BOOKMARK [1][-]{section.1}{\376\377\000A\000n\000a\000l\000i\000s\000i\000\040\000d\000e\000i\000\040\000d\000a\000t\000i\000\040\000r\000a\000c\000c\000o\000l\000t\000i}{}% 1
\BOOKMARK [2][-]{subsection.1.1}{\376\377\000A\000n\000a\000l\000i\000s\000i\000\040\000d\000e\000l\000l\000e\000\040\000t\000r\000e\000\040\000c\000o\000n\000f\000i\000g\000u\000r\000a\000z\000i\000o\000n\000i\000\040\000p\000e\000r\000\040\000l\000'\000a\000r\000c\000h\000i\000t\000e\000t\000t\000u\000r\000a\000\040\000A\000R\000M}{section.1}% 2
\BOOKMARK [3][-]{subsubsection.1.1.1}{\376\377\000S\000t\000a\000t\000i\000s\000t\000i\000c\000h\000e\000\040\000g\000e\000n\000e\000r\000a\000l\000i\000\040\000s\000u\000\040\000C\000P\000U\000\040\000e\000\040\000i\000s\000t\000r\000u\000z\000i\000o\000n\000i}{subsection.1.1}% 3
\BOOKMARK [3][-]{subsubsection.1.1.2}{\376\377\000S\000t\000a\000t\000i\000s\000t\000i\000c\000h\000e\000\040\000C\000a\000c\000h\000e}{subsection.1.1}% 4
\BOOKMARK [3][-]{subsubsection.1.1.3}{\376\377\000A\000n\000a\000l\000i\000s\000i\000\040\000d\000e\000i\000\040\000B\000r\000a\000n\000c\000h}{subsection.1.1}% 5
\BOOKMARK [3][-]{subsubsection.1.1.4}{\376\377\000C\000o\000n\000c\000l\000u\000s\000i\000o\000n\000i}{subsection.1.1}% 6
\BOOKMARK [2][-]{subsection.1.2}{\376\377\000A\000n\000a\000l\000i\000s\000i\000\040\000d\000e\000l\000l\000e\000\040\000t\000r\000e\000\040\000c\000o\000n\000f\000i\000g\000u\000r\000a\000z\000i\000o\000n\000i\000\040\000p\000e\000r\000\040\000l\000'\000a\000r\000c\000h\000i\000t\000e\000t\000t\000u\000r\000a\000\040\000R\000I\000S\000C\000-\000V}{section.1}% 7
\BOOKMARK [3][-]{subsubsection.1.2.1}{\376\377\000S\000t\000a\000t\000i\000s\000t\000i\000c\000h\000e\000\040\000g\000e\000n\000e\000r\000a\000l\000i\000\040\000s\000u\000\040\000C\000P\000U\000\040\000e\000\040\000i\000s\000t\000r\000u\000z\000i\000o\000n\000i}{subsection.1.2}% 8
\BOOKMARK [3][-]{subsubsection.1.2.2}{\376\377\000S\000t\000a\000t\000i\000s\000t\000i\000c\000h\000e\000\040\000C\000a\000c\000h\000e}{subsection.1.2}% 9
\BOOKMARK [3][-]{subsubsection.1.2.3}{\376\377\000A\000n\000a\000l\000i\000s\000i\000\040\000d\000e\000i\000\040\000B\000r\000a\000n\000c\000h}{subsection.1.2}% 10
\BOOKMARK [3][-]{subsubsection.1.2.4}{\376\377\000C\000o\000n\000c\000l\000u\000s\000i\000o\000n\000i}{subsection.1.2}% 11
\BOOKMARK [2][-]{subsection.1.3}{\376\377\000A\000n\000a\000l\000i\000s\000i\000\040\000d\000e\000l\000l\000e\000\040\000t\000r\000e\000\040\000c\000o\000n\000f\000i\000g\000u\000r\000a\000z\000i\000o\000n\000i\000\040\000p\000e\000r\000\040\000l\000'\000a\000r\000c\000h\000i\000t\000e\000t\000t\000u\000r\000a\000\040\000M\000a\000r\000s\000s\000X\0008\0006}{section.1}% 12
\BOOKMARK [3][-]{subsubsection.1.3.1}{\376\377\000S\000t\000a\000t\000i\000s\000t\000i\000c\000h\000e\000\040\000g\000e\000n\000e\000r\000a\000l\000i\000\040\000s\000u\000\040\000C\000P\000U\000\040\000e\000\040\000i\000s\000t\000r\000u\000z\000i\000o\000n\000i}{subsection.1.3}% 13
\BOOKMARK [3][-]{subsubsection.1.3.2}{\376\377\000S\000t\000a\000t\000i\000s\000t\000i\000c\000h\000e\000\040\000C\000a\000c\000h\000e}{subsection.1.3}% 14
\BOOKMARK [3][-]{subsubsection.1.3.3}{\376\377\000A\000n\000a\000l\000i\000s\000i\000\040\000d\000e\000i\000\040\000B\000r\000a\000n\000c\000h}{subsection.1.3}% 15
\BOOKMARK [3][-]{subsubsection.1.3.4}{\376\377\000C\000o\000n\000c\000l\000u\000s\000i\000o\000n\000i}{subsection.1.3}% 16
\BOOKMARK [2][-]{subsection.1.4}{\376\377\000A\000n\000a\000l\000i\000s\000i\000\040\000d\000e\000l\000l\000e\000\040\000b\000a\000s\000e\000l\000i\000n\000e\000\040\000t\000r\000a\000\040\000l\000e\000\040\000a\000r\000c\000h\000i\000t\000e\000t\000t\000u\000r\000e}{section.1}% 17
\BOOKMARK [3][-]{subsubsection.1.4.1}{\376\377\000S\000t\000a\000t\000i\000s\000t\000i\000c\000h\000e\000\040\000g\000e\000n\000e\000r\000a\000l\000i\000\040\000s\000u\000\040\000C\000P\000U\000\040\000e\000\040\000i\000s\000t\000r\000u\000z\000i\000o\000n\000i}{subsection.1.4}% 18
\BOOKMARK [3][-]{subsubsection.1.4.2}{\376\377\000S\000t\000a\000t\000i\000s\000t\000i\000c\000h\000e\000\040\000C\000a\000c\000h\000e}{subsection.1.4}% 19
\BOOKMARK [3][-]{subsubsection.1.4.3}{\376\377\000A\000n\000a\000l\000i\000s\000i\000\040\000d\000e\000i\000\040\000B\000r\000a\000n\000c\000h}{subsection.1.4}% 20
\BOOKMARK [3][-]{subsubsection.1.4.4}{\376\377\000C\000o\000n\000c\000l\000u\000s\000i\000o\000n\000i}{subsection.1.4}% 21
